******************************************************************************
                  TI ARM Linker Unix v5.2.2                    
******************************************************************************
>> Linked Thu Feb 11 10:05:07 2016

OUTPUT FILE NAME:   <TimingTesting.out>
ENTRY POINT SYMBOL: "_c_int00"  address: 000029e1


MEMORY CONFIGURATION

         name            origin    length      used     unused   attr    fill
----------------------  --------  ---------  --------  --------  ----  --------
  FLASH                 00000000   00040000  0000335c  0003cca4  R  X
  SRAM                  20000000   00008000  000004bc  00007b44  RW X


SEGMENT ALLOCATION MAP

run origin  load origin   length   init length attrs members
----------  ----------- ---------- ----------- ----- -------
00000000    00000000    00003360   00003360    r-x
  00000000    00000000    0000026c   0000026c    r-- .intvecs
  0000026c    0000026c    000029dc   000029dc    r-x .text
  00002c48    00002c48    000006bc   000006bc    r-- .const
  00003308    00003308    00000058   00000058    r-- .cinit
20000000    20000000    000004c0   00000000    rw-
  20000000    20000000    0000026c   00000000    rw- .vtable
  2000026c    2000026c    00000200   00000000    rw- .stack
  2000046c    2000046c    00000040   00000000    rw- .data
  200004b0    200004b0    00000008   00000000    rw- .sysmem
  200004b8    200004b8    00000008   00000000    rw- .bss


SECTION ALLOCATION MAP

 output                                  attributes/
section   page    origin      length       input sections
--------  ----  ----------  ----------   ----------------
.intvecs   0    00000000    0000026c     
                  00000000    0000026c     tm4c123gh6pm_startup_ccs.obj (.intvecs)

.text      0    0000026c    000029dc     
                  0000026c    00000ef0     sysctl.obj (.text)
                  0000115c    00000bbc     gpio.obj (.text)
                  00001d18    000003dc     rtsv7M4_T_le_v4SPD16_eabi.lib : memory.obj (.text)
                  000020f4    000003c0     interrupt.obj (.text)
                  000024b4    00000114     UpdateManager.obj (.text)
                  000025c8    000000bc     rtsv7M4_T_le_v4SPD16_eabi.lib : typeinfo_.obj (.text)
                  00002684    0000009c                                   : memcpy_t2.obj (.text)
                  00002720    00000088     systick.obj (.text)
                  000027a8    00000080     UpdateBase.obj (.text)
                  00002828    0000007a     rtsv7M4_T_le_v4SPD16_eabi.lib : memset_t2.obj (.text)
                  000028a2    00000002                                   : newhandler.obj (.text)
                  000028a4    0000006c                                   : autoinit.obj (.text)
                  00002910    0000006a                                   : copy_decompress_rle.obj (.text)
                  0000297a    00000002     --HOLE-- [fill = 0]
                  0000297c    00000064     LEDBlink.obj (.text)
                  000029e0    00000050     rtsv7M4_T_le_v4SPD16_eabi.lib : boot.obj (.text)
                  00002a30    0000004c                                   : cpy_tbl.obj (.text)
                  00002a7c    00000044                                   : exit.obj (.text)
                  00002ac0    00000040     main.obj (.text)
                  00002b00    00000040     tickCounter.obj (.text)
                  00002b40    0000003e     cpu.obj (.text)
                  00002b7e    00000002     --HOLE-- [fill = 0]
                  00002b80    00000030     rtsv7M4_T_le_v4SPD16_eabi.lib : new_.obj (.text)
                  00002bb0    00000024     UpdateBaseEmpty.obj (.text)
                  00002bd4    00000018     rtsv7M4_T_le_v4SPD16_eabi.lib : args_main.obj (.text)
                  00002bec    00000014                                   : _lock.obj (.text)
                  00002c00    0000000e                                   : copy_decompress_none.obj (.text:decompress:none)
                  00002c0e    0000000c                                   : copy_zero_init.obj (.text:decompress:ZI)
                  00002c1a    0000000c     tm4c123gh6pm_startup_ccs.obj (.text)
                  00002c26    00000008     rtsv7M4_T_le_v4SPD16_eabi.lib : delete.obj (.text)
                  00002c2e    00000006     sysctl.obj (.text:SysCtlDelay)
                  00002c34    00000006     rtsv7M4_T_le_v4SPD16_eabi.lib : copy_decompress_rle.obj (.text:decompress:rle24)
                  00002c3a    00000006                                   : pure_virt.obj (.text)
                  00002c40    00000004                                   : error.obj (.text)
                  00002c44    00000004                                   : pre_init.obj (.text)

.const     0    00002c48    000006bc     
                  00002c48    00000120     sysctl.obj (.const:g_pppui32XTALtoVCO)
                  00002d68    000000c0     gpio.obj (.const:g_ppui32GPIOIntMapBlizzard)
                  00002e28    000000c0     gpio.obj (.const:g_ppui32GPIOIntMapSnowflake)
                  00002ee8    0000009c     interrupt.obj (.const:g_pui32Regs)
                  00002f84    00000090     gpio.obj (.const:g_pui32GPIOBaseAddrs)
                  00003014    00000070     interrupt.obj (.const)
                  00003084    0000006c     sysctl.obj (.const:g_pui32Xtals)
                  000030f0    00000030     sysctl.obj (.const:g_sXTALtoMEMTIM)
                  00003120    00000028     rtsv7M4_T_le_v4SPD16_eabi.lib : typeinfo_.obj (.const:.typeinfo:_ZTSN10__cxxabiv123__fundamental_type_infoE)
                  00003148    00000025                                   : typeinfo_.obj (.const:.typeinfo:_ZTSN10__cxxabiv120__si_class_type_infoE)
                  0000316d    00000024                                   : typeinfo_.obj (.const:.typeinfo:_ZTSN10__cxxabiv119__pointer_type_infoE)
                  00003191    00000022                                   : typeinfo_.obj (.const:.typeinfo:_ZTSN10__cxxabiv117__class_type_infoE)
                  000031b3    00000022                                   : typeinfo_.obj (.const:.typeinfo:_ZTSN10__cxxabiv117__pbase_type_infoE)
                  000031d5    00000012     UpdateBaseEmpty.obj (.const:.typeinfo:_ZTS15UpdateBaseEmpty)
                  000031e7    00000001     --HOLE-- [fill = 0]
                  000031e8    00000010     rtsv7M4_T_le_v4SPD16_eabi.lib : typeinfo_.obj (.const:.typeinfo:_ZTIPKe)
                  000031f8    00000010                                   : typeinfo_.obj (.const:_ZTVN10__cxxabiv117__class_type_infoE)
                  00003208    00000010                                   : typeinfo_.obj (.const:_ZTVN10__cxxabiv119__pointer_type_infoE)
                  00003218    00000010                                   : typeinfo_.obj (.const:_ZTVN10__cxxabiv120__si_class_type_infoE)
                  00003228    00000010                                   : typeinfo_.obj (.const:_ZTVN10__cxxabiv123__fundamental_type_infoE)
                  00003238    0000000d     LEDBlink.obj (.const:.typeinfo:_ZTS10UpdateBase)
                  00003245    0000000d     rtsv7M4_T_le_v4SPD16_eabi.lib : typeinfo_.obj (.const:.typeinfo:_ZTSSt9type_info)
                  00003252    00000002                                   : typeinfo_.obj (.const:.typeinfo:_ZTSe)
                  00003254    0000000c     UpdateBaseEmpty.obj (.const:.typeinfo:_ZTI15UpdateBaseEmpty)
                  00003260    0000000c     LEDBlink.obj (.const:.typeinfo:_ZTI8LEDBlink)
                  0000326c    0000000c     rtsv7M4_T_le_v4SPD16_eabi.lib : typeinfo_.obj (.const:.typeinfo:_ZTIN10__cxxabiv117__class_type_infoE)
                  00003278    0000000c                                   : typeinfo_.obj (.const:.typeinfo:_ZTIN10__cxxabiv117__pbase_type_infoE)
                  00003284    0000000c                                   : typeinfo_.obj (.const:.typeinfo:_ZTIN10__cxxabiv119__pointer_type_infoE)
                  00003290    0000000c                                   : typeinfo_.obj (.const:.typeinfo:_ZTIN10__cxxabiv120__si_class_type_infoE)
                  0000329c    0000000c                                   : typeinfo_.obj (.const:.typeinfo:_ZTIN10__cxxabiv123__fundamental_type_infoE)
                  000032a8    0000000c     UpdateBase.obj (.const:_ZTV10UpdateBase)
                  000032b4    0000000c     UpdateBaseEmpty.obj (.const:_ZTV15UpdateBaseEmpty)
                  000032c0    0000000c     LEDBlink.obj (.const:_ZTV8LEDBlink)
                  000032cc    0000000a     LEDBlink.obj (.const:.typeinfo:_ZTS8LEDBlink)
                  000032d6    00000002     --HOLE-- [fill = 0]
                  000032d8    00000008     LEDBlink.obj (.const:.typeinfo:_ZTI10UpdateBase)
                  000032e0    00000008     rtsv7M4_T_le_v4SPD16_eabi.lib : typeinfo_.obj (.const:.typeinfo:_ZTISt9type_info)
                  000032e8    00000008                                   : typeinfo_.obj (.const:.typeinfo:_ZTIe)
                  000032f0    00000008     gpio.obj (.const)
                  000032f8    00000008     sysctl.obj (.const)
                  00003300    00000004     rtsv7M4_T_le_v4SPD16_eabi.lib : typeinfo_.obj (.const:.typeinfo:_ZTSPKe)

.cinit     0    00003308    00000058     
                  00003308    00000023     (.cinit..data.load) [load image, compression = rle]
                  0000332b    00000001     --HOLE-- [fill = 0]
                  0000332c    0000000c     (__TI_handler_table)
                  00003338    00000008     (.cinit..bss.load) [load image, compression = zero_init]
                  00003340    00000008     (.cinit..vtable.load) [load image, compression = zero_init]
                  00003348    00000018     (__TI_cinit_table)

.init_array 
*          0    00000000    00000000     UNINITIALIZED

.vtable    0    20000000    0000026c     UNINITIALIZED
                  20000000    0000026c     interrupt.obj (.vtable)

.stack     0    2000026c    00000200     UNINITIALIZED
                  2000026c    00000200     --HOLE--

.data      0    2000046c    00000040     UNINITIALIZED
                  2000046c    00000018     UpdateManager.obj (.data)
                  20000484    0000000c     rtsv7M4_T_le_v4SPD16_eabi.lib : memory.obj (.data)
                  20000490    00000008                                   : _lock.obj (.data)
                  20000498    00000008                                   : exit.obj (.data)
                  200004a0    00000004     main.obj (.data)
                  200004a4    00000004     rtsv7M4_T_le_v4SPD16_eabi.lib : stkdepth_vars.obj (.data)
                  200004a8    00000004                                   : vars.obj (.data)

.TI.persistent 
*          0    2000046c    00000000     UNINITIALIZED

.sysmem    0    200004b0    00000008     UNINITIALIZED
                  200004b0    00000008     rtsv7M4_T_le_v4SPD16_eabi.lib : memory.obj (.sysmem)

.bss       0    200004b8    00000008     UNINITIALIZED
                  200004b8    00000004     (.common:_ZSt16__dummy_typeinfo)
                  200004bc    00000004     (.common:msUptime)

.TI.noinit 
*          0    200004b8    00000000     UNINITIALIZED


LINKER GENERATED COPY TABLES

__TI_cinit_table @ 00003348 records: 3, size/record: 8, table size: 24
	.data: load addr=00003308, load size=00000023 bytes, run addr=2000046c, run size=00000040 bytes, compression=rle
	.bss: load addr=00003338, load size=00000008 bytes, run addr=200004b8, run size=00000008 bytes, compression=zero_init
	.vtable: load addr=00003340, load size=00000008 bytes, run addr=20000000, run size=0000026c bytes, compression=zero_init


LINKER GENERATED HANDLER TABLE

__TI_handler_table @ 0000332c records: 3, size/record: 4, table size: 12
	index: 0, handler: __TI_zero_init
	index: 1, handler: __TI_decompress_rle24
	index: 2, handler: __TI_decompress_none


GLOBAL SYMBOLS: SORTED ALPHABETICALLY BY Name 

address   name                                                 
-------   ----                                                 
00002a7d  C$$EXIT                                              
00002b75  CPUbasepriGet                                        
00002b67  CPUbasepriSet                                        
00002b41  CPUcpsid                                             
00002b57  CPUcpsie                                             
00002b4d  CPUprimask                                           
00002b63  CPUwfi                                               
00001cf3  GPIOADCTriggerDisable                                
00001cd5  GPIOADCTriggerEnable                                 
00001cb7  GPIODMATriggerDisable                                
00001c99  GPIODMATriggerEnable                                 
0000121b  GPIODirModeGet                                       
000011bf  GPIODirModeSet                                       
0000178f  GPIOIntClear                                         
00001753  GPIOIntDisable                                       
00001739  GPIOIntEnable                                        
000017a3  GPIOIntRegister                                      
0000176d  GPIOIntStatus                                        
0000130b  GPIOIntTypeGet                                       
00001267  GPIOIntTypeSet                                       
000017c1  GPIOIntUnregister                                    
000015e7  GPIOPadConfigGet                                     
000013a9  GPIOPadConfigSet                                     
00001c3b  GPIOPinConfigure                                     
000017db  GPIOPinRead                                          
00001813  GPIOPinTypeADC                                       
00001837  GPIOPinTypeCAN                                       
00001c07  GPIOPinTypeCIR                                       
0000185b  GPIOPinTypeComparator                                
0000187f  GPIOPinTypeComparatorOutput                          
000018a3  GPIOPinTypeEPI                                       
000018c7  GPIOPinTypeEthernetLED                               
000018eb  GPIOPinTypeEthernetMII                               
0000190f  GPIOPinTypeGPIOInput                                 
00001933  GPIOPinTypeGPIOOutput                                
00001957  GPIOPinTypeGPIOOutputOD                              
0000197b  GPIOPinTypeI2C                                       
0000199f  GPIOPinTypeI2CSCL                                    
00001bbf  GPIOPinTypeKBColumn                                  
00001b9b  GPIOPinTypeKBRow                                     
000019c3  GPIOPinTypeLCD                                       
00001be3  GPIOPinTypeLEDSeq                                    
000019e7  GPIOPinTypeLPC                                       
00001a0b  GPIOPinTypePECIRx                                    
00001a2f  GPIOPinTypePECITx                                    
00001a53  GPIOPinTypePWM                                       
00001a77  GPIOPinTypeQEI                                       
00001a9b  GPIOPinTypeSSI                                       
00001abf  GPIOPinTypeTimer                                     
00001ae3  GPIOPinTypeUART                                      
00001b07  GPIOPinTypeUSBAnalog                                 
00001b2b  GPIOPinTypeUSBDigital                                
00001b4f  GPIOPinTypeWakeHigh                                  
00001b75  GPIOPinTypeWakeLow                                   
00001c2b  GPIOPinWakeStatus                                    
000017f3  GPIOPinWrite                                         
000022b5  IntDisable                                           
00002243  IntEnable                                            
00002327  IntIsEnabled                                         
00002107  IntMasterDisable                                     
000020f7  IntMasterEnable                                      
0000241d  IntPendClear                                         
000023ad  IntPendSet                                           
0000221f  IntPriorityGet                                       
00002197  IntPriorityGroupingGet                               
0000217d  IntPriorityGroupingSet                               
00002477  IntPriorityMaskGet                                   
0000246b  IntPriorityMaskSet                                   
000021cf  IntPrioritySet                                       
00002117  IntRegister                                          
0000247f  IntTrigger                                           
00002169  IntUnregister                                        
00002c1b  ResetISR                                             
UNDEFED   SHT$$INIT_ARRAY$$Base                                
UNDEFED   SHT$$INIT_ARRAY$$Limit                               
000010ff  SysCtlAltClkConfig                                   
000008d9  SysCtlClockFreqSet                                   
00000dbd  SysCtlClockGet                                       
000010e3  SysCtlClockOutConfig                                 
00000bf1  SysCtlClockSet                                       
000007d9  SysCtlDeepSleep                                      
00000f85  SysCtlDeepSleepClockConfigSet                        
00000f69  SysCtlDeepSleepClockSet                              
000007b9  SysCtlDeepSleepPowerSet                              
00002c2f  SysCtlDelay                                          
00000365  SysCtlFlashSectorSizeGet                             
00000339  SysCtlFlashSizeGet                                   
0000105b  SysCtlGPIOAHBDisable                                 
0000103f  SysCtlGPIOAHBEnable                                  
0000074d  SysCtlIntClear                                       
00000735  SysCtlIntDisable                                     
00000721  SysCtlIntEnable                                      
000006f9  SysCtlIntRegister                                    
0000075d  SysCtlIntStatus                                      
00000711  SysCtlIntUnregister                                  
0000079f  SysCtlLDODeepSleepGet                                
0000078f  SysCtlLDODeepSleepSet                                
00000789  SysCtlLDOSleepGet                                    
00000779  SysCtlLDOSleepSet                                    
0000080f  SysCtlMOSCConfigSet                                  
000010cf  SysCtlNMIClear                                       
000010c9  SysCtlNMIStatus                                      
00000825  SysCtlPIOSCCalibrate                                 
00001029  SysCtlPWMClockGet                                    
0000100f  SysCtlPWMClockSet                                    
000006a5  SysCtlPeripheralClockGating                          
0000065d  SysCtlPeripheralDeepSleepDisable                     
0000060d  SysCtlPeripheralDeepSleepEnable                      
00000549  SysCtlPeripheralDisable                              
0000050d  SysCtlPeripheralEnable                               
00000449  SysCtlPeripheralPowerOff                             
0000040d  SysCtlPeripheralPowerOn                              
0000038d  SysCtlPeripheralPresent                              
000003cd  SysCtlPeripheralReady                                
00000485  SysCtlPeripheralReset                                
000005d1  SysCtlPeripheralSleepDisable                         
0000058d  SysCtlPeripheralSleepEnable                          
000007c9  SysCtlReset                                          
00000885  SysCtlResetBehaviorGet                               
00000875  SysCtlResetBehaviorSet                               
000007fb  SysCtlResetCauseClear                                
000007f5  SysCtlResetCauseGet                                  
0000032f  SysCtlSRAMSizeGet                                    
000007d1  SysCtlSleep                                          
000007a5  SysCtlSleepPowerSet                                  
00001083  SysCtlUSBPLLDisable                                  
00001077  SysCtlUSBPLLEnable                                   
000010af  SysCtlVoltageEventClear                              
00001095  SysCtlVoltageEventConfig                             
000010a9  SysCtlVoltageEventStatus                             
0000272d  SysTickDisable                                       
00002721  SysTickEnable                                        
00002771  SysTickIntDisable                                    
00002765  SysTickIntEnable                                     
00002739  SysTickIntRegister                                   
00002751  SysTickIntUnregister                                 
0000278f  SysTickPeriodGet                                     
0000277d  SysTickPeriodSet                                     
00002797  SysTickValueGet                                      
00002b01  TickCounter                                          
00002b11  TickCounterInit                                      
000024b5  UpdateManageraddTimeMilli                            
000028a3  _Z21__default_new_handlerv                           
0000280f  _ZN10UpdateBase13getDelayMilliEv                     
000027f9  _ZN10UpdateBase19registerFixedUpdateEv               
000027df  _ZN10UpdateBase20registerCustomUpdateEtj             
00002805  _ZN10UpdateBase21unRegisterFixedUpdateEv             
000027ef  _ZN10UpdateBase22unRegisterCustomUpdateEv            
000027d1  _ZN10UpdateBase5getIDEv                              
00002819  _ZN10UpdateBase9getDelaySEv                          
000027a9  _ZN10UpdateBaseC1Ev                                  
000027a9  _ZN10UpdateBaseC2Ev                                  
00002675  _ZN10__cxxabiv116__enum_type_infoD0Ev                
00002673  _ZN10__cxxabiv116__enum_type_infoD1Ev                
00002673  _ZN10__cxxabiv116__enum_type_infoD2Ev                
0000266b  _ZN10__cxxabiv117__array_type_infoD0Ev               
00002669  _ZN10__cxxabiv117__array_type_infoD1Ev               
00002669  _ZN10__cxxabiv117__array_type_infoD2Ev               
00002661  _ZN10__cxxabiv117__class_type_infoD0Ev               
0000265f  _ZN10__cxxabiv117__class_type_infoD1Ev               
0000265f  _ZN10__cxxabiv117__class_type_infoD2Ev               
00002657  _ZN10__cxxabiv117__pbase_type_infoD0Ev               
00002655  _ZN10__cxxabiv117__pbase_type_infoD1Ev               
00002655  _ZN10__cxxabiv117__pbase_type_infoD2Ev               
0000264d  _ZN10__cxxabiv119__pointer_type_infoD0Ev             
0000264b  _ZN10__cxxabiv119__pointer_type_infoD1Ev             
0000264b  _ZN10__cxxabiv119__pointer_type_infoD2Ev             
00002643  _ZN10__cxxabiv120__function_type_infoD0Ev            
00002641  _ZN10__cxxabiv120__function_type_infoD1Ev            
00002641  _ZN10__cxxabiv120__function_type_infoD2Ev            
00002639  _ZN10__cxxabiv120__si_class_type_infoD0Ev            
00002637  _ZN10__cxxabiv120__si_class_type_infoD1Ev            
00002637  _ZN10__cxxabiv120__si_class_type_infoD2Ev            
0000262f  _ZN10__cxxabiv121__vmi_class_type_infoD0Ev           
0000262d  _ZN10__cxxabiv121__vmi_class_type_infoD1Ev           
0000262d  _ZN10__cxxabiv121__vmi_class_type_infoD2Ev           
00002625  _ZN10__cxxabiv123__fundamental_type_infoD0Ev         
00002623  _ZN10__cxxabiv123__fundamental_type_infoD1Ev         
00002623  _ZN10__cxxabiv123__fundamental_type_infoD2Ev         
0000261b  _ZN10__cxxabiv129__pointer_to_member_type_infoD0Ev   
00002619  _ZN10__cxxabiv129__pointer_to_member_type_infoD1Ev   
00002619  _ZN10__cxxabiv129__pointer_to_member_type_infoD2Ev   
20000474  _ZN13UpdateManager10customRootE                      
20000480  _ZN13UpdateManager11timeSecondsE                     
0000253f  _ZN13UpdateManager12getTimeMilliEv                   
0000257f  _ZN13UpdateManager15runFixedUpdatesEv                
2000047c  _ZN13UpdateManager16timeMilliSecondsE                
00002543  _ZN13UpdateManager19registerFixedUpdateEP10UpdateBase
000024c9  _ZN13UpdateManager4initEv                            
2000046c  _ZN13UpdateManager5indexE                            
00002507  _ZN13UpdateManager6updateEv                          
000024fd  _ZN13UpdateManager8assignIDEv                        
00002541  _ZN13UpdateManager8getTimeSEv                        
20000470  _ZN13UpdateManager9fixedRootE                        
20000478  _ZN13UpdateManager9idCounterE                        
000024bd  _ZN13UpdateManagerC1Ev                               
000024bd  _ZN13UpdateManagerC2Ev                               
00002bc5  _ZN15UpdateBaseEmpty11updateFixedEv                  
00002bb1  _ZN15UpdateBaseEmptyC1Ev                             
00002bb1  _ZN15UpdateBaseEmptyC2Ev                             
000029a9  _ZN8LEDBlink11updateFixedEv                          
0000297d  _ZN8LEDBlinkC1Ev                                     
0000297d  _ZN8LEDBlinkC2Ev                                     
000025db  _ZNKSt9type_info4nameEv                              
0000260b  _ZNKSt9type_info6beforeERKS_                         
000025f5  _ZNKSt9type_infoeqERKS_                              
000025df  _ZNKSt9type_infoneERKS_                              
000025d3  _ZNSt9type_infoD0Ev                                  
000025d1  _ZNSt9type_infoD1Ev                                  
000025d1  _ZNSt9type_infoD2Ev                                  
200004b8  _ZSt16__dummy_typeinfo                               
000025c9  _ZSt21__gen_dummy_typeinfosv                         
000032d8  _ZTI10UpdateBase                                     
00003254  _ZTI15UpdateBaseEmpty                                
00003260  _ZTI8LEDBlink                                        
0000326c  _ZTIN10__cxxabiv117__class_type_infoE                
00003278  _ZTIN10__cxxabiv117__pbase_type_infoE                
00003284  _ZTIN10__cxxabiv119__pointer_type_infoE              
00003290  _ZTIN10__cxxabiv120__si_class_type_infoE             
0000329c  _ZTIN10__cxxabiv123__fundamental_type_infoE          
000031e8  _ZTIPKe                                              
000032e0  _ZTISt9type_info                                     
000032e8  _ZTIe                                                
00003238  _ZTS10UpdateBase                                     
000031d5  _ZTS15UpdateBaseEmpty                                
000032cc  _ZTS8LEDBlink                                        
00003191  _ZTSN10__cxxabiv117__class_type_infoE                
000031b3  _ZTSN10__cxxabiv117__pbase_type_infoE                
0000316d  _ZTSN10__cxxabiv119__pointer_type_infoE              
00003148  _ZTSN10__cxxabiv120__si_class_type_infoE             
00003120  _ZTSN10__cxxabiv123__fundamental_type_infoE          
00003300  _ZTSPKe                                              
00003245  _ZTSSt9type_info                                     
00003252  _ZTSe                                                
000032a8  _ZTV10UpdateBase                                     
000032b4  _ZTV15UpdateBaseEmpty                                
000032c0  _ZTV8LEDBlink                                        
000031f8  _ZTVN10__cxxabiv117__class_type_infoE                
00003208  _ZTVN10__cxxabiv119__pointer_type_infoE              
00003218  _ZTVN10__cxxabiv120__si_class_type_infoE             
00003228  _ZTVN10__cxxabiv123__fundamental_type_infoE          
00002c27  _ZdlPv                                               
00002b81  _Znwj                                                
2000046c  __STACK_END                                          
00000200  __STACK_SIZE                                         
2000046c  __STACK_TOP                                          
00000008  __SYSMEM_SIZE                                        
00003348  __TI_CINIT_Base                                      
00003360  __TI_CINIT_Limit                                     
0000332c  __TI_Handler_Table_Base                              
00003338  __TI_Handler_Table_Limit                             
000028a5  __TI_auto_init                                       
20000498  __TI_cleanup_ptr                                     
00002c01  __TI_decompress_none                                 
00002c35  __TI_decompress_rle24                                
2000049c  __TI_dtors_ptr                                       
00000000  __TI_static_base__                                   
00002c0f  __TI_zero_init                                       
00002c41  __abort_execution                                    
00002829  __aeabi_memclr                                       
00002829  __aeabi_memclr4                                      
00002829  __aeabi_memclr8                                      
00002685  __aeabi_memcpy                                       
00002685  __aeabi_memcpy4                                      
00002685  __aeabi_memcpy8                                      
0000282b  __aeabi_memset                                       
0000282b  __aeabi_memset4                                      
0000282b  __aeabi_memset8                                      
ffffffff  __binit__                                            
ffffffff  __c_args__                                           
00002c3b  __cxa_pure_virtual                                   
2000026c  __stack                                              
00002bd5  _args_main                                           
000029e1  _c_int00                                             
20000490  _lock                                                
200004a8  _new_handler                                         
00002bfb  _nop                                                 
00002bf3  _register_lock                                       
00002bed  _register_unlock                                     
200004b0  _sys_memory                                          
00002c45  _system_pre_init                                     
20000494  _unlock                                              
00002a81  abort                                                
ffffffff  binit                                                
000020c1  calloc                                               
00002a31  copy_in                                              
00002a89  exit                                                 
00001e0f  free                                                 
20000000  g_pfnRAMVectors                                      
00000000  g_pfnVectors                                         
200004a0  led                                                  
00002ac1  main                                                 
200004a4  main_func_sp                                         
00001da7  malloc                                               
00001fdd  memalign                                             
00002685  memcpy                                               
00002831  memset                                               
00002b37  millis                                               
00001d19  minit                                                
200004bc  msUptime                                             
00001ed1  realloc                                              


GLOBAL SYMBOLS: SORTED BY Symbol Address 

address   name                                                 
-------   ----                                                 
00000000  __TI_static_base__                                   
00000000  g_pfnVectors                                         
00000008  __SYSMEM_SIZE                                        
00000200  __STACK_SIZE                                         
0000032f  SysCtlSRAMSizeGet                                    
00000339  SysCtlFlashSizeGet                                   
00000365  SysCtlFlashSectorSizeGet                             
0000038d  SysCtlPeripheralPresent                              
000003cd  SysCtlPeripheralReady                                
0000040d  SysCtlPeripheralPowerOn                              
00000449  SysCtlPeripheralPowerOff                             
00000485  SysCtlPeripheralReset                                
0000050d  SysCtlPeripheralEnable                               
00000549  SysCtlPeripheralDisable                              
0000058d  SysCtlPeripheralSleepEnable                          
000005d1  SysCtlPeripheralSleepDisable                         
0000060d  SysCtlPeripheralDeepSleepEnable                      
0000065d  SysCtlPeripheralDeepSleepDisable                     
000006a5  SysCtlPeripheralClockGating                          
000006f9  SysCtlIntRegister                                    
00000711  SysCtlIntUnregister                                  
00000721  SysCtlIntEnable                                      
00000735  SysCtlIntDisable                                     
0000074d  SysCtlIntClear                                       
0000075d  SysCtlIntStatus                                      
00000779  SysCtlLDOSleepSet                                    
00000789  SysCtlLDOSleepGet                                    
0000078f  SysCtlLDODeepSleepSet                                
0000079f  SysCtlLDODeepSleepGet                                
000007a5  SysCtlSleepPowerSet                                  
000007b9  SysCtlDeepSleepPowerSet                              
000007c9  SysCtlReset                                          
000007d1  SysCtlSleep                                          
000007d9  SysCtlDeepSleep                                      
000007f5  SysCtlResetCauseGet                                  
000007fb  SysCtlResetCauseClear                                
0000080f  SysCtlMOSCConfigSet                                  
00000825  SysCtlPIOSCCalibrate                                 
00000875  SysCtlResetBehaviorSet                               
00000885  SysCtlResetBehaviorGet                               
000008d9  SysCtlClockFreqSet                                   
00000bf1  SysCtlClockSet                                       
00000dbd  SysCtlClockGet                                       
00000f69  SysCtlDeepSleepClockSet                              
00000f85  SysCtlDeepSleepClockConfigSet                        
0000100f  SysCtlPWMClockSet                                    
00001029  SysCtlPWMClockGet                                    
0000103f  SysCtlGPIOAHBEnable                                  
0000105b  SysCtlGPIOAHBDisable                                 
00001077  SysCtlUSBPLLEnable                                   
00001083  SysCtlUSBPLLDisable                                  
00001095  SysCtlVoltageEventConfig                             
000010a9  SysCtlVoltageEventStatus                             
000010af  SysCtlVoltageEventClear                              
000010c9  SysCtlNMIStatus                                      
000010cf  SysCtlNMIClear                                       
000010e3  SysCtlClockOutConfig                                 
000010ff  SysCtlAltClkConfig                                   
000011bf  GPIODirModeSet                                       
0000121b  GPIODirModeGet                                       
00001267  GPIOIntTypeSet                                       
0000130b  GPIOIntTypeGet                                       
000013a9  GPIOPadConfigSet                                     
000015e7  GPIOPadConfigGet                                     
00001739  GPIOIntEnable                                        
00001753  GPIOIntDisable                                       
0000176d  GPIOIntStatus                                        
0000178f  GPIOIntClear                                         
000017a3  GPIOIntRegister                                      
000017c1  GPIOIntUnregister                                    
000017db  GPIOPinRead                                          
000017f3  GPIOPinWrite                                         
00001813  GPIOPinTypeADC                                       
00001837  GPIOPinTypeCAN                                       
0000185b  GPIOPinTypeComparator                                
0000187f  GPIOPinTypeComparatorOutput                          
000018a3  GPIOPinTypeEPI                                       
000018c7  GPIOPinTypeEthernetLED                               
000018eb  GPIOPinTypeEthernetMII                               
0000190f  GPIOPinTypeGPIOInput                                 
00001933  GPIOPinTypeGPIOOutput                                
00001957  GPIOPinTypeGPIOOutputOD                              
0000197b  GPIOPinTypeI2C                                       
0000199f  GPIOPinTypeI2CSCL                                    
000019c3  GPIOPinTypeLCD                                       
000019e7  GPIOPinTypeLPC                                       
00001a0b  GPIOPinTypePECIRx                                    
00001a2f  GPIOPinTypePECITx                                    
00001a53  GPIOPinTypePWM                                       
00001a77  GPIOPinTypeQEI                                       
00001a9b  GPIOPinTypeSSI                                       
00001abf  GPIOPinTypeTimer                                     
00001ae3  GPIOPinTypeUART                                      
00001b07  GPIOPinTypeUSBAnalog                                 
00001b2b  GPIOPinTypeUSBDigital                                
00001b4f  GPIOPinTypeWakeHigh                                  
00001b75  GPIOPinTypeWakeLow                                   
00001b9b  GPIOPinTypeKBRow                                     
00001bbf  GPIOPinTypeKBColumn                                  
00001be3  GPIOPinTypeLEDSeq                                    
00001c07  GPIOPinTypeCIR                                       
00001c2b  GPIOPinWakeStatus                                    
00001c3b  GPIOPinConfigure                                     
00001c99  GPIODMATriggerEnable                                 
00001cb7  GPIODMATriggerDisable                                
00001cd5  GPIOADCTriggerEnable                                 
00001cf3  GPIOADCTriggerDisable                                
00001d19  minit                                                
00001da7  malloc                                               
00001e0f  free                                                 
00001ed1  realloc                                              
00001fdd  memalign                                             
000020c1  calloc                                               
000020f7  IntMasterEnable                                      
00002107  IntMasterDisable                                     
00002117  IntRegister                                          
00002169  IntUnregister                                        
0000217d  IntPriorityGroupingSet                               
00002197  IntPriorityGroupingGet                               
000021cf  IntPrioritySet                                       
0000221f  IntPriorityGet                                       
00002243  IntEnable                                            
000022b5  IntDisable                                           
00002327  IntIsEnabled                                         
000023ad  IntPendSet                                           
0000241d  IntPendClear                                         
0000246b  IntPriorityMaskSet                                   
00002477  IntPriorityMaskGet                                   
0000247f  IntTrigger                                           
000024b5  UpdateManageraddTimeMilli                            
000024bd  _ZN13UpdateManagerC1Ev                               
000024bd  _ZN13UpdateManagerC2Ev                               
000024c9  _ZN13UpdateManager4initEv                            
000024fd  _ZN13UpdateManager8assignIDEv                        
00002507  _ZN13UpdateManager6updateEv                          
0000253f  _ZN13UpdateManager12getTimeMilliEv                   
00002541  _ZN13UpdateManager8getTimeSEv                        
00002543  _ZN13UpdateManager19registerFixedUpdateEP10UpdateBase
0000257f  _ZN13UpdateManager15runFixedUpdatesEv                
000025c9  _ZSt21__gen_dummy_typeinfosv                         
000025d1  _ZNSt9type_infoD1Ev                                  
000025d1  _ZNSt9type_infoD2Ev                                  
000025d3  _ZNSt9type_infoD0Ev                                  
000025db  _ZNKSt9type_info4nameEv                              
000025df  _ZNKSt9type_infoneERKS_                              
000025f5  _ZNKSt9type_infoeqERKS_                              
0000260b  _ZNKSt9type_info6beforeERKS_                         
00002619  _ZN10__cxxabiv129__pointer_to_member_type_infoD1Ev   
00002619  _ZN10__cxxabiv129__pointer_to_member_type_infoD2Ev   
0000261b  _ZN10__cxxabiv129__pointer_to_member_type_infoD0Ev   
00002623  _ZN10__cxxabiv123__fundamental_type_infoD1Ev         
00002623  _ZN10__cxxabiv123__fundamental_type_infoD2Ev         
00002625  _ZN10__cxxabiv123__fundamental_type_infoD0Ev         
0000262d  _ZN10__cxxabiv121__vmi_class_type_infoD1Ev           
0000262d  _ZN10__cxxabiv121__vmi_class_type_infoD2Ev           
0000262f  _ZN10__cxxabiv121__vmi_class_type_infoD0Ev           
00002637  _ZN10__cxxabiv120__si_class_type_infoD1Ev            
00002637  _ZN10__cxxabiv120__si_class_type_infoD2Ev            
00002639  _ZN10__cxxabiv120__si_class_type_infoD0Ev            
00002641  _ZN10__cxxabiv120__function_type_infoD1Ev            
00002641  _ZN10__cxxabiv120__function_type_infoD2Ev            
00002643  _ZN10__cxxabiv120__function_type_infoD0Ev            
0000264b  _ZN10__cxxabiv119__pointer_type_infoD1Ev             
0000264b  _ZN10__cxxabiv119__pointer_type_infoD2Ev             
0000264d  _ZN10__cxxabiv119__pointer_type_infoD0Ev             
00002655  _ZN10__cxxabiv117__pbase_type_infoD1Ev               
00002655  _ZN10__cxxabiv117__pbase_type_infoD2Ev               
00002657  _ZN10__cxxabiv117__pbase_type_infoD0Ev               
0000265f  _ZN10__cxxabiv117__class_type_infoD1Ev               
0000265f  _ZN10__cxxabiv117__class_type_infoD2Ev               
00002661  _ZN10__cxxabiv117__class_type_infoD0Ev               
00002669  _ZN10__cxxabiv117__array_type_infoD1Ev               
00002669  _ZN10__cxxabiv117__array_type_infoD2Ev               
0000266b  _ZN10__cxxabiv117__array_type_infoD0Ev               
00002673  _ZN10__cxxabiv116__enum_type_infoD1Ev                
00002673  _ZN10__cxxabiv116__enum_type_infoD2Ev                
00002675  _ZN10__cxxabiv116__enum_type_infoD0Ev                
00002685  __aeabi_memcpy                                       
00002685  __aeabi_memcpy4                                      
00002685  __aeabi_memcpy8                                      
00002685  memcpy                                               
00002721  SysTickEnable                                        
0000272d  SysTickDisable                                       
00002739  SysTickIntRegister                                   
00002751  SysTickIntUnregister                                 
00002765  SysTickIntEnable                                     
00002771  SysTickIntDisable                                    
0000277d  SysTickPeriodSet                                     
0000278f  SysTickPeriodGet                                     
00002797  SysTickValueGet                                      
000027a9  _ZN10UpdateBaseC1Ev                                  
000027a9  _ZN10UpdateBaseC2Ev                                  
000027d1  _ZN10UpdateBase5getIDEv                              
000027df  _ZN10UpdateBase20registerCustomUpdateEtj             
000027ef  _ZN10UpdateBase22unRegisterCustomUpdateEv            
000027f9  _ZN10UpdateBase19registerFixedUpdateEv               
00002805  _ZN10UpdateBase21unRegisterFixedUpdateEv             
0000280f  _ZN10UpdateBase13getDelayMilliEv                     
00002819  _ZN10UpdateBase9getDelaySEv                          
00002829  __aeabi_memclr                                       
00002829  __aeabi_memclr4                                      
00002829  __aeabi_memclr8                                      
0000282b  __aeabi_memset                                       
0000282b  __aeabi_memset4                                      
0000282b  __aeabi_memset8                                      
00002831  memset                                               
000028a3  _Z21__default_new_handlerv                           
000028a5  __TI_auto_init                                       
0000297d  _ZN8LEDBlinkC1Ev                                     
0000297d  _ZN8LEDBlinkC2Ev                                     
000029a9  _ZN8LEDBlink11updateFixedEv                          
000029e1  _c_int00                                             
00002a31  copy_in                                              
00002a7d  C$$EXIT                                              
00002a81  abort                                                
00002a89  exit                                                 
00002ac1  main                                                 
00002b01  TickCounter                                          
00002b11  TickCounterInit                                      
00002b37  millis                                               
00002b41  CPUcpsid                                             
00002b4d  CPUprimask                                           
00002b57  CPUcpsie                                             
00002b63  CPUwfi                                               
00002b67  CPUbasepriSet                                        
00002b75  CPUbasepriGet                                        
00002b81  _Znwj                                                
00002bb1  _ZN15UpdateBaseEmptyC1Ev                             
00002bb1  _ZN15UpdateBaseEmptyC2Ev                             
00002bc5  _ZN15UpdateBaseEmpty11updateFixedEv                  
00002bd5  _args_main                                           
00002bed  _register_unlock                                     
00002bf3  _register_lock                                       
00002bfb  _nop                                                 
00002c01  __TI_decompress_none                                 
00002c0f  __TI_zero_init                                       
00002c1b  ResetISR                                             
00002c27  _ZdlPv                                               
00002c2f  SysCtlDelay                                          
00002c35  __TI_decompress_rle24                                
00002c3b  __cxa_pure_virtual                                   
00002c41  __abort_execution                                    
00002c45  _system_pre_init                                     
00003120  _ZTSN10__cxxabiv123__fundamental_type_infoE          
00003148  _ZTSN10__cxxabiv120__si_class_type_infoE             
0000316d  _ZTSN10__cxxabiv119__pointer_type_infoE              
00003191  _ZTSN10__cxxabiv117__class_type_infoE                
000031b3  _ZTSN10__cxxabiv117__pbase_type_infoE                
000031d5  _ZTS15UpdateBaseEmpty                                
000031e8  _ZTIPKe                                              
000031f8  _ZTVN10__cxxabiv117__class_type_infoE                
00003208  _ZTVN10__cxxabiv119__pointer_type_infoE              
00003218  _ZTVN10__cxxabiv120__si_class_type_infoE             
00003228  _ZTVN10__cxxabiv123__fundamental_type_infoE          
00003238  _ZTS10UpdateBase                                     
00003245  _ZTSSt9type_info                                     
00003252  _ZTSe                                                
00003254  _ZTI15UpdateBaseEmpty                                
00003260  _ZTI8LEDBlink                                        
0000326c  _ZTIN10__cxxabiv117__class_type_infoE                
00003278  _ZTIN10__cxxabiv117__pbase_type_infoE                
00003284  _ZTIN10__cxxabiv119__pointer_type_infoE              
00003290  _ZTIN10__cxxabiv120__si_class_type_infoE             
0000329c  _ZTIN10__cxxabiv123__fundamental_type_infoE          
000032a8  _ZTV10UpdateBase                                     
000032b4  _ZTV15UpdateBaseEmpty                                
000032c0  _ZTV8LEDBlink                                        
000032cc  _ZTS8LEDBlink                                        
000032d8  _ZTI10UpdateBase                                     
000032e0  _ZTISt9type_info                                     
000032e8  _ZTIe                                                
00003300  _ZTSPKe                                              
0000332c  __TI_Handler_Table_Base                              
00003338  __TI_Handler_Table_Limit                             
00003348  __TI_CINIT_Base                                      
00003360  __TI_CINIT_Limit                                     
20000000  g_pfnRAMVectors                                      
2000026c  __stack                                              
2000046c  _ZN13UpdateManager5indexE                            
2000046c  __STACK_END                                          
2000046c  __STACK_TOP                                          
20000470  _ZN13UpdateManager9fixedRootE                        
20000474  _ZN13UpdateManager10customRootE                      
20000478  _ZN13UpdateManager9idCounterE                        
2000047c  _ZN13UpdateManager16timeMilliSecondsE                
20000480  _ZN13UpdateManager11timeSecondsE                     
20000490  _lock                                                
20000494  _unlock                                              
20000498  __TI_cleanup_ptr                                     
2000049c  __TI_dtors_ptr                                       
200004a0  led                                                  
200004a4  main_func_sp                                         
200004a8  _new_handler                                         
200004b0  _sys_memory                                          
200004b8  _ZSt16__dummy_typeinfo                               
200004bc  msUptime                                             
ffffffff  __binit__                                            
ffffffff  __c_args__                                           
ffffffff  binit                                                
UNDEFED   SHT$$INIT_ARRAY$$Base                                
UNDEFED   SHT$$INIT_ARRAY$$Limit                               

[301 symbols]
